src/pages/index.tsx(201,40): error TS2322: Type 'LocalizedString' is not assignable to type 'string'.
